Python 2.7.6 (default, Jun 22 2015, 17:58:13) 
[GCC 4.8.2] on linux2
Type "help", "copyright", "credits" or "license" for more information.
>>> map(lambda line: len(line.split()),"this is great")
[1, 1, 1, 1, 0, 1, 1, 0, 1, 1, 1, 1, 1]
>>> 
>>> 
>>> 
>>> 
>>> 
>>> 
>>> type (map(lambda line: len(line.split()),"this is great"))
<type 'list'>
>>> map(lambda line: len(line.split()),"this is great")
[1, 1, 1, 1, 0, 1, 1, 0, 1, 1, 1, 1, 1]
>>> map(lambda line: len(line.split()),"this is great").reduce(lambda a, b: a if (a > b) else b)
Traceback (most recent call last):
  File "<stdin>", line 1, in <module>
AttributeError: 'list' object has no attribute 'reduce'
>>> map(lambda line: len(line.split()),"this is great").reduce(lambda a, b: a if (a > b) else b)
Traceback (most recent call last):
  File "<stdin>", line 1, in <module>
AttributeError: 'list' object has no attribute 'reduce'
>>> map(lambda line: len(line.split()),"this is great").reduce(lambda a, b: a if (a > b) else b)
Traceback (most recent call last):
  File "<stdin>", line 1, in <module>
AttributeError: 'list' object has no attribute 'reduce'
>>> 
>>> 
>>> 
>>> 
>>> 
>>> reduce(lambda a, b: a if (a > b) else b, [5,4,8,13,6])
13
>>> reduce(lambda a, b: a if (a > b) else b, [5,4,8,13,6,18])
18
>>> reduce(lambda a, b: a if (a > b) else b, [5,4,8,13,6])
13




# MapReeduce for the workcount
wordCounts = textFile.flatMap(lambda line: line.split()).map(lambda word: (word, 1)).reduceByKey(lambda a, b: a+b)